# os-yr-1

## Lab 1

Results : [Screenshot](https://github.com/RichardLazarica/os-yr-1/blob/main/Lab-1/lab-1.PNG)

## Lab 3

### Result:
-----BEGIN PGP PUBLIC KEY BLOCK-----

mQINBGPjkmsBEACpV/XH7AOcIb7KBMuNISNamoO+wxr7YATxyg4YsCdp0sO2cHJP
T+OKdeyU/f2JGZmKj25PXeQebqYFEKSgS3cTVtS4OMUxLuopyigMUHFZKiC9u4Nu
T+GtqP9oiuNYBlJ15SdP/mfww6Zz/tsTl/8h7fxiaiIl62jRPXxO/re2fV13XrRQ
5DQAf8SXGc4/D5QjElA2+PaGJhOlwyVdyRdoTmRGdtWj2PsTnk9zG/3ooYtwHU+y
4/yqhqwAhR7VWwohzg7E5RwrmudLg50isqpy5KSlpg+0C0m3jIytvVZ2oPYkMVWk
sZMSa8EjYFzKxjxCdxUnjo9IRwVdPnGYo/m1rVhrhLKO8blOK4F+dg8W1CADCKBa
MlKlABOUXAoNZw93fquxj6Zrg37KOihHPNMzFg4cxigT9jHJXOz/ab4k8Ow/OxVx
HCdYgio+wVUbqIxUGjHub/aCChV34gP8+Kc0d+pQjxlFBtP4ddpqJZk19h7GbzUa
O02BaDOWR/Bgl8bfAIjzJ6F0odKcN1+O/qo9fZ/sYKQdtaBwy8aS9HFZeVfRHFG4
FXmBUoEFlsMv2K/5hgpTAyF8uE5Pra5PsGy2Rq2PlabQQKLMyFFU5xZS7vawrrm6
NlvqCJTkf3nnh3EyYjFt7qM4dBmQogRSTk8CfX0oR/4MEQxUo6pXN5SRhwARAQAB
tD1SaWNoYXJkIExhemFyaWNhIChvcmlnaW5hbCBhY2NvdW50KSA8QzIyNzM5MzQx
QG15dHVkdWJsaW4uaWU+iQJUBBMBCgA+FiEExq5V69FKxHrYvneWbyYiH1o0VQEF
AmPjkmsCGwMFCQAnjQAFCwkIBwIGFQoJCAsCBBYCAwECHgECF4AACgkQbyYiH1o0
VQHcaQ/+KDf+7pFG8lojwNaLUXcf/TtYwfWTW/n9yF6IU4Zje7rvRIR5YAZmmDAe
cAwbm222Bf5G7RskRPxgtfWg7NPIhmvVi3TzMmvnPkBlPIP+WcYDzwcyvcs4Uek0
1vf/rC8xUcP8jw+RCFPwZlj7R0BcxX6yalQod4Ln8hD4Zoo93/yB0UtYRCkdfTM/
LWifQAx7u7pBPuYJg9IetNUVizVQnntJwinDZiiZVe7HVfw7rf6t+pJMGeQM1zWc
jdkaswp0lySjoOdWRdrVLhuTanijFJD+65Do63gYKvpNiHpUCgMVqKdyFnPMTmAz
zbDi1NYnaqx9RWf7bvgU4E1MR8mr7lBM1PtzpN5YFPQoZIyWJLlVNENGTiyJukvv
JBFvH44+7ylcOjwXIduskdfw0rzLFQy8pTW6clDwOQkN/gNNgFNdH1251leabqNJ
gwuWQ02RGo3U/j0ijwEJvgGyxwMGXkHFt0GwKdSZRZiFwsnZVkZbHlHUr+rXHeXn
90hDY83d8AQ7X2nccTyeJt5H7na6fZBtcs0ATeTqfQGQM+YIqMDGR7XjNtxY0crs
w6e5nTenRshmhe65dl1E569h2JlRATbB6v3NG+A+X523/GFv7P2DLWZmvQUFcig6
WpMer6/PpYWl/priH7zeYjp0TuYB3OW5eI8yxj2I3Gn4D5EnT8m5Ag0EY+OSawEQ
AMw9F0SbiHGpNHYZhUO6+HLXQ3z/PA8Sutx0uh5s1IaXMkaW6etR0Dq4a52lCc+a
WRX34AFbSIIxSB74WeQaiI16W/+dfxVqZ0oQG/s4xHpvBW/AqGmKde/wf9e1gU7v
LFKfWItr0uPUr2W5Dc78+QgUYzTLn07Cgh0QcGsE8KH1v4ojenk9AeG/eYTHFxh+
VBrxAXI3jAapmWfTuJ6VTGSON4/Jbpk7bAcEqdHvU07uQpFmpZlxUyI5GT2clYb1
WQ9SvIxW7cEU8+PeTHCe9YsJ5q8yLDUewxPKBlBF45zufbKUAUysY7sjy6jbBSXq
/lFCK6dO5zu8GWg0m7lYE0NSGHwP4lrbAZIBbC8V88VT4i2SJ3uTYW7dmvE5KfhP
ec1bKB6TBmAmF31zT3aDgBdN5byVcx8ebqryD20R0ISCnSSTeeLm4pl7r/MqcDSF
SyfzvJzA0YIvbk8LXlwENM3QWA56LAYbKzFxZ9ZvaA0ms/ByC0tfQfZDSCIKS2z6
t+OzbApWN369e/o6IMCUWrlHhNSDBmvEr1DVIHzxvxzUj8cl1CEFfeAUpk+5I2Tt
4dg65HGAuiOy2RENeRFLH75l/55aPe78EvqF4Y/g429Bq3yu75tP29uBLF7rTNYT
5K4dhSpGaz6vo4tS0MNdmnEukToU3grTA5+GG/pH6x6rABEBAAGJAjwEGAEKACYW
IQTGrlXr0UrEeti+d5ZvJiIfWjRVAQUCY+OSawIbDAUJACeNAAAKCRBvJiIfWjRV
ARO1EACj3wAsPi+/cc3aF0qgOyXICryap06pZvarcFVzU237qHA2yBKYJQFPsKl3
DBrwS/XVZQqPLF4iU8/TOfYW7P68nUPv4WYaze7dPqvfQ1TF+7wpbNH68fiEjV8i
i9AYKSRReRooGKtquZYkx0rzvPCAJcVCB6/Ysd5xhUybv585hE9yTmPbwk7cm3py
B4wrthtlFVgRELKtajkAXjdNvfnTqCKqRwnpuYI1rqRe8JhTwkAStHpFUIyiE/KB
eCAA10Pq+77dgn6xIByi/fV4h1qwu6LO6mBeNfP9q118RBYl9J5ovinpz1OiixtB
S71UrScoVp4j73SBl4prbqnCh+zMRfmH18zK2Ej+0ZotwtyP5m5sB6gCc3cpyp6v
ObHlZmSsYbHcezk6nSWBWVAYPmy1/SdslqHccDshGaXxU6u82+9SzTfiKwmmLd6z
eP8IL+/VKBBScnF0AdAmDg1Bi4Ecw+5ffE26kcNKfrYdO3wIkoIL1rd6q4+1j8Yy
mLD5qw7idnlDKrfLrb0gr7TmuuQNSDvygeIwL5IlLfsu2ijpBl7jIQNoL9RS64cg
M2Ssxu7joL1KtsovBuaz524ICuq3Mg9oPQOF8LCPImEqH0j+vw+XBvug+Bedymx0
/UnfipK1UW56A/O5dnv2lY+4nLhm2oLu9s84Z3ucJB3yAwgxvA==
=Dqc7

-----END PGP PUBLIC KEY BLOCK-----


## Lab 5
### Read/Write/Execute permissions to everyone
[Screenshot](https://github.com/RichardLazarica/os-yr-1/blob/main/Lab-6/Lab5_Part1.PNG)
### Read/Write user | Read group | No permission to outside
[Screenshot](https://github.com/RichardLazarica/os-yr-1/blob/main/Lab-6/Lab5_Part2.PNG)
### Recursive Read/Write permissions for everybody in directory
[Screenshot](https://github.com/RichardLazarica/os-yr-1/blob/main/Lab-6/Lab5_Complete.PNG)


## Lab 6
### Create Directory Hierarchy
[Screenshot](https://github.com/RichardLazarica/os-yr-1/blob/main/Lab-6/lab/sysDetails/reports/Lab6_1.PNG)
### Bash Version
[Screenshot](https://github.com/RichardLazarica/os-yr-1/blob/main/Lab-6/lab/sysDetails/reports/Lab6_2.PNG)
### System Report File
[Screenshot](https://github.com/RichardLazarica/os-yr-1/blob/main/Lab-6/lab/sysDetails/reports/Lab6_sysReport.PNG)
[Download systemStats.txt](https://github.com/RichardLazarica/os-yr-1/blob/main/Lab-6/lab/sysDetails/reports/systemStats.txt?raw=true)

MemTotal:        4026544 kB
MemFree:          551344 kB
MemAvailable:    1347448 kB
Buffers:           35488 kB
Cached:           942392 kB
SwapCached:            0 kB
Active:          2575920 kB
Inactive:         673292 kB
Active(anon):    2273948 kB
Inactive(anon):      320 kB
Active(file):     301972 kB
Inactive(file):   672972 kB
Unevictable:        2468 kB
Mlocked:            2468 kB
SwapTotal:             0 kB
SwapFree:              0 kB
Dirty:               348 kB
Writeback:             0 kB
AnonPages:       2261440 kB
Mapped:           270416 kB
Shmem:               912 kB
KReclaimable:      68680 kB
Slab:             138820 kB
SReclaimable:      68680 kB
SUnreclaim:        70140 kB
KernelStack:        7236 kB
PageTables:        17920 kB
NFS_Unstable:          0 kB
Bounce:                0 kB
WritebackTmp:          0 kB
CommitLimit:     2013272 kB
Committed_AS:    5292388 kB
VmallocTotal:   34359738367 kB
VmallocUsed:       33476 kB
VmallocChunk:          0 kB
Percpu:             1536 kB
HardwareCorrupted:     0 kB
AnonHugePages:    303104 kB
ShmemHugePages:        0 kB
ShmemPmdMapped:        0 kB
FileHugePages:         0 kB
FilePmdMapped:         0 kB
CmaTotal:              0 kB
CmaFree:               0 kB
HugePages_Total:       0
HugePages_Free:        0
HugePages_Rsvd:        0
HugePages_Surp:        0
Hugepagesize:       2048 kB
Hugetlb:               0 kB
DirectMap4k:      188352 kB
DirectMap2M:     4005888 kB
DirectMap1G:     2097152 kB
top - 02:14:04 up 14 min,  0 users,  load average: 0.18, 0.52, 0.58
Tasks:  22 total,   1 running,  21 sleeping,   0 stopped,   0 zombie
%Cpu(s):  6.7 us, 16.7 sy,  0.0 ni, 76.7 id,  0.0 wa,  0.0 hi,  0.0 si,  0.0 st
MiB Mem :   3932.2 total,    141.5 free,   1028.9 used,   2761.8 buff/cache
MiB Swap:      0.0 total,      0.0 free,      0.0 used.   2613.4 avail Mem 

  PID USER      PR  NI    VIRT    RES    SHR S  %CPU  %MEM     TIME+ COMMAND
    1 codespa+  20   0    1084      4      0 S   0.0   0.0   0:00.03 docker-init
    6 codespa+  20   0    2512    576    512 S   0.0   0.0   0:00.01 sleep
   22 root      20   0   12180   3000   2080 S   0.0   0.1   0:00.00 sshd
   35 root      20   0 1370112  67672  41832 S   0.0   1.7   0:00.20 dockerd
   71 root      20   0 1340872  40256  24472 S   0.0   1.0   0:00.26 containerd
  288 codespa+  20   0    2612   1752   1652 S   0.0   0.0   0:00.01 sh
  374 root      20   0    2612    596    528 S   0.0   0.0   0:00.00 sh
  385 codespa+  20   0    2620    600    524 S   0.0   0.0   0:00.01 sh
  391 codespa+  20   0  943892  80564  34768 S   0.0   2.0   0:04.41 node
  412 codespa+  20   0  637752  55488  32416 S   0.0   1.4   0:01.61 node
  450 codespa+  20   0   11.1g 267052  38412 S   0.0   6.6   0:24.83 node
  658 codespa+  20   0  704736  40948  31884 S   0.0   1.0   0:00.23 node
  827 codespa+  20   0    2612   1640   1536 S   0.0   0.0   0:00.00 sh
  923 root      20   0    2612    596    528 S   0.0   0.0   0:00.00 sh
 1105 codespa+  20   0   15048  11992   3564 S   0.0   0.3   0:00.28 bash
 1440 codespa+  20   0  590448  40132  28636 S   0.0   1.0   0:00.22 node
 1565 codespa+  20   0    2612   1712   1608 S   0.0   0.0   0:00.00 sh
 1665 root      20   0    2612    596    528 S   0.0   0.0   0:00.00 sh
 5628 codespa+  20   0    2616    536    460 S   0.0   0.0   0:00.00 sh
 5629 codespa+  20   0    3904   2968   2680 S   0.0   0.1   0:00.00 cpuUsage.sh
 5632 codespa+  20   0    2516    588    516 S   0.0   0.0   0:00.00 sleep
 5634 codespa+  20   0    8992   3640   3180 R   0.0   0.1   0:00.00 top